// Jest Snapshot v1, https://goo.gl/fbAQLP

exports[`SpearlyContent initialized snapshot 1`] = `
<div>
  
  <!--v-if-->
  
</div>
`;
